// Jest Snapshot v1, https://goo.gl/fbAQLP

exports[`Snapshot 1`] = `
<div
  className="container"
>
  <div
    className="content"
  >
    <div
      className="closed"
    >
      <div
        className="container"
        onClick={[Function]}
      >
        <span>
          ?
        </span>
      </div>
      <div
        className="container"
        onClick={[Function]}
      >
        <span>
          0
        </span>
      </div>
      <div
        className="container"
        onClick={[Function]}
      >
        <span>
          1/2
        </span>
      </div>
      <div
        className="container"
        onClick={[Function]}
      >
        <span>
          1
        </span>
      </div>
      <div
        className="container"
        onClick={[Function]}
      >
        <span>
          2
        </span>
      </div>
      <div
        className="container"
        onClick={[Function]}
      >
        <span>
          3
        </span>
      </div>
      <div
        className="container"
        onClick={[Function]}
      >
        <span>
          5
        </span>
      </div>
      <div
        className="container"
        onClick={[Function]}
      >
        <span>
          8
        </span>
      </div>
      <div
        className="container"
        onClick={[Function]}
      >
        <span>
          13
        </span>
      </div>
      <div
        className="container"
        onClick={[Function]}
      >
        <span>
          20
        </span>
      </div>
      <div
        className="container"
        onClick={[Function]}
      >
        <span>
          40
        </span>
      </div>
      <div
        className="container"
        onClick={[Function]}
      >
        <span>
          100
        </span>
      </div>
    </div>
  </div>
</div>
`;
